Archive member included to satisfy reference by file (symbol)

C:/ST/STM32CubeIDE_1.15.0/STM32CubeIDE/plugins/com.st.stm32cube.ide.mcu.externaltools.gnu-tools-for-stm32.12.3.rel1.win32_1.0.100.202403111256/tools/bin/../lib/gcc/arm-none-eabi/12.3.1/../../../../arm-none-eabi/lib/thumb/v7e-m/nofp\libc_nano.a(libc_a-exit.o)
                              C:/ST/STM32CubeIDE_1.15.0/STM32CubeIDE/plugins/com.st.stm32cube.ide.mcu.externaltools.gnu-tools-for-stm32.12.3.rel1.win32_1.0.100.202403111256/tools/bin/../lib/gcc/arm-none-eabi/12.3.1/../../../../arm-none-eabi/lib/thumb/v7e-m/nofp/crt0.o (exit)
C:/ST/STM32CubeIDE_1.15.0/STM32CubeIDE/plugins/com.st.stm32cube.ide.mcu.externaltools.gnu-tools-for-stm32.12.3.rel1.win32_1.0.100.202403111256/tools/bin/../lib/gcc/arm-none-eabi/12.3.1/../../../../arm-none-eabi/lib/thumb/v7e-m/nofp\libc_nano.a(libc_a-findfp.o)
                              C:/ST/STM32CubeIDE_1.15.0/STM32CubeIDE/plugins/com.st.stm32cube.ide.mcu.externaltools.gnu-tools-for-stm32.12.3.rel1.win32_1.0.100.202403111256/tools/bin/../lib/gcc/arm-none-eabi/12.3.1/../../../../arm-none-eabi/lib/thumb/v7e-m/nofp\libc_nano.a(libc_a-exit.o) (__stdio_exit_handler)
C:/ST/STM32CubeIDE_1.15.0/STM32CubeIDE/plugins/com.st.stm32cube.ide.mcu.externaltools.gnu-tools-for-stm32.12.3.rel1.win32_1.0.100.202403111256/tools/bin/../lib/gcc/arm-none-eabi/12.3.1/../../../../arm-none-eabi/lib/thumb/v7e-m/nofp\libc_nano.a(libc_a-fwalk.o)
                              C:/ST/STM32CubeIDE_1.15.0/STM32CubeIDE/plugins/com.st.stm32cube.ide.mcu.externaltools.gnu-tools-for-stm32.12.3.rel1.win32_1.0.100.202403111256/tools/bin/../lib/gcc/arm-none-eabi/12.3.1/../../../../arm-none-eabi/lib/thumb/v7e-m/nofp\libc_nano.a(libc_a-findfp.o) (_fwalk_sglue)
C:/ST/STM32CubeIDE_1.15.0/STM32CubeIDE/plugins/com.st.stm32cube.ide.mcu.externaltools.gnu-tools-for-stm32.12.3.rel1.win32_1.0.100.202403111256/tools/bin/../lib/gcc/arm-none-eabi/12.3.1/../../../../arm-none-eabi/lib/thumb/v7e-m/nofp\libc_nano.a(libc_a-stdio.o)
                              C:/ST/STM32CubeIDE_1.15.0/STM32CubeIDE/plugins/com.st.stm32cube.ide.mcu.externaltools.gnu-tools-for-stm32.12.3.rel1.win32_1.0.100.202403111256/tools/bin/../lib/gcc/arm-none-eabi/12.3.1/../../../../arm-none-eabi/lib/thumb/v7e-m/nofp\libc_nano.a(libc_a-findfp.o) (__sread)
C:/ST/STM32CubeIDE_1.15.0/STM32CubeIDE/plugins/com.st.stm32cube.ide.mcu.externaltools.gnu-tools-for-stm32.12.3.rel1.win32_1.0.100.202403111256/tools/bin/../lib/gcc/arm-none-eabi/12.3.1/../../../../arm-none-eabi/lib/thumb/v7e-m/nofp\libc_nano.a(libc_a-memset.o)
                              C:/ST/STM32CubeIDE_1.15.0/STM32CubeIDE/plugins/com.st.stm32cube.ide.mcu.externaltools.gnu-tools-for-stm32.12.3.rel1.win32_1.0.100.202403111256/tools/bin/../lib/gcc/arm-none-eabi/12.3.1/../../../../arm-none-eabi/lib/thumb/v7e-m/nofp/crt0.o (memset)
C:/ST/STM32CubeIDE_1.15.0/STM32CubeIDE/plugins/com.st.stm32cube.ide.mcu.externaltools.gnu-tools-for-stm32.12.3.rel1.win32_1.0.100.202403111256/tools/bin/../lib/gcc/arm-none-eabi/12.3.1/../../../../arm-none-eabi/lib/thumb/v7e-m/nofp\libc_nano.a(libc_a-closer.o)
                              C:/ST/STM32CubeIDE_1.15.0/STM32CubeIDE/plugins/com.st.stm32cube.ide.mcu.externaltools.gnu-tools-for-stm32.12.3.rel1.win32_1.0.100.202403111256/tools/bin/../lib/gcc/arm-none-eabi/12.3.1/../../../../arm-none-eabi/lib/thumb/v7e-m/nofp\libc_nano.a(libc_a-stdio.o) (_close_r)
C:/ST/STM32CubeIDE_1.15.0/STM32CubeIDE/plugins/com.st.stm32cube.ide.mcu.externaltools.gnu-tools-for-stm32.12.3.rel1.win32_1.0.100.202403111256/tools/bin/../lib/gcc/arm-none-eabi/12.3.1/../../../../arm-none-eabi/lib/thumb/v7e-m/nofp\libc_nano.a(libc_a-reent.o)
                              C:/ST/STM32CubeIDE_1.15.0/STM32CubeIDE/plugins/com.st.stm32cube.ide.mcu.externaltools.gnu-tools-for-stm32.12.3.rel1.win32_1.0.100.202403111256/tools/bin/../lib/gcc/arm-none-eabi/12.3.1/../../../../arm-none-eabi/lib/thumb/v7e-m/nofp\libc_nano.a(libc_a-closer.o) (errno)
C:/ST/STM32CubeIDE_1.15.0/STM32CubeIDE/plugins/com.st.stm32cube.ide.mcu.externaltools.gnu-tools-for-stm32.12.3.rel1.win32_1.0.100.202403111256/tools/bin/../lib/gcc/arm-none-eabi/12.3.1/../../../../arm-none-eabi/lib/thumb/v7e-m/nofp\libc_nano.a(libc_a-impure.o)
                              C:/ST/STM32CubeIDE_1.15.0/STM32CubeIDE/plugins/com.st.stm32cube.ide.mcu.externaltools.gnu-tools-for-stm32.12.3.rel1.win32_1.0.100.202403111256/tools/bin/../lib/gcc/arm-none-eabi/12.3.1/../../../../arm-none-eabi/lib/thumb/v7e-m/nofp\libc_nano.a(libc_a-reent.o) (_impure_ptr)
C:/ST/STM32CubeIDE_1.15.0/STM32CubeIDE/plugins/com.st.stm32cube.ide.mcu.externaltools.gnu-tools-for-stm32.12.3.rel1.win32_1.0.100.202403111256/tools/bin/../lib/gcc/arm-none-eabi/12.3.1/../../../../arm-none-eabi/lib/thumb/v7e-m/nofp\libc_nano.a(libc_a-lseekr.o)
[...]
Memory Configuration

Name             Origin             Length             Attributes
RAM              0x20000000         0x00020000         xrw
FLASH            0x08000000         0x00080000         xr
*default*        0x00000000         0xffffffff

Linker script and memory map

LOAD C:/ST/STM32CubeIDE_1.15.0/STM32CubeIDE/plugins/com.st.stm32cube.ide.mcu.externaltools.gnu-tools-for-stm32.12.3.rel1.win32_1.0.100.202403111256/tools/bin/../lib/gcc/arm-none-eabi/12.3.1/thumb/v7e-m/nofp/crti.o
LOAD C:/ST/STM32CubeIDE_1.15.0/STM32CubeIDE/plugins/com.st.stm32cube.ide.mcu.externaltools.gnu-tools-for-stm32.12.3.rel1.win32_1.0.100.202403111256/tools/bin/../lib/gcc/arm-none-eabi/12.3.1/thumb/v7e-m/nofp/crtbegin.o
LOAD C:/ST/STM32CubeIDE_1.15.0/STM32CubeIDE/plugins/com.st.stm32cube.ide.mcu.externaltools.gnu-tools-for-stm32.12.3.rel1.win32_1.0.100.202403111256/tools/bin/../lib/gcc/arm-none-eabi/12.3.1/../../../../arm-none-eabi/lib/thumb/v7e-m/nofp/crt0.o
LOAD ./Src/button.o
LOAD ./Src/game.o
LOAD ./Src/led.o
LOAD ./Src/main.o
LOAD ./Src/syscalls.o
LOAD ./Src/sysmem.o
LOAD ./Src/timer.o
LOAD ./Src/uart.o
LOAD ./Startup/startup_stm32f446retx.o
START GROUP
LOAD C:/ST/STM32CubeIDE_1.15.0/STM32CubeIDE/plugins/com.st.stm32cube.ide.mcu.externaltools.gnu-tools-for-stm32.12.3.rel1.win32_1.0.100.202403111256/tools/bin/../lib/gcc/arm-none-eabi/12.3.1/../../../../arm-none-eabi/lib/thumb/v7e-m/nofp\libc_nano.a
LOAD C:/ST/STM32CubeIDE_1.15.0/STM32CubeIDE/plugins/com.st.stm32cube.ide.mcu.externaltools.gnu-tools-for-stm32.12.3.rel1.win32_1.0.100.202403111256/tools/bin/../lib/gcc/arm-none-eabi/12.3.1/../../../../arm-none-eabi/lib/thumb/v7e-m/nofp\libm.a
END GROUP
START GROUP
LOAD C:/ST/STM32CubeIDE_1.15.0/STM32CubeIDE/plugins/com.st.stm32cube.ide.mcu.externaltools.gnu-tools-for-stm32.12.3.rel1.win32_1.0.100.202403111256/tools/bin/../lib/gcc/arm-none-eabi/12.3.1/thumb/v7e-m/nofp\libgcc.a
LOAD C:/ST/STM32CubeIDE_1.15.0/STM32CubeIDE/plugins/com.st.stm32cube.ide.mcu.externaltools.gnu-tools-for-stm32.12.3.rel1.win32_1.0.100.202403111256/tools/bin/../lib/gcc/arm-none-eabi/12.3.1/../../../../arm-none-eabi/lib/thumb/v7e-m/nofp\libc_nano.a
END GROUP
START GROUP
LOAD C:/ST/STM32CubeIDE_1.15.0/STM32CubeIDE/plugins/com.st.stm32cube.ide.mcu.externaltools.gnu-tools-for-stm32.12.3.rel1.win32_1.0.100.202403111256/tools/bin/../lib/gcc/arm-none-eabi/12.3.1/thumb/v7e-m/nofp\libgcc.a
LOAD C:/ST/STM32CubeIDE_1.15.0/STM32CubeIDE/plugins/com.st.stm32cube.ide.mcu.externaltools.gnu-tools-for-stm32.12.3.rel1.win32_1.0.100.202403111256/tools/bin/../lib/gcc/arm-none-eabi/12.3.1/../../../../arm-none-eabi/lib/thumb/v7e-m/nofp\libc_nano.a
LOAD C:/ST/STM32CubeIDE_1.15.0/STM32CubeIDE/plugins/com.st.stm32cube.ide.mcu.externaltools.gnu-tools-for-stm32.12.3.rel1.win32_1.0.100.202403111256/tools/bin/../lib/gcc/arm-none-eabi/12.3.1/../../../../arm-none-eabi/lib/thumb/v7e-m/nofp\libnosys.a
END GROUP
START GROUP
LOAD C:/ST/STM32CubeIDE_1.15.0/STM32CubeIDE/plugins/com.st.stm32cube.ide.mcu.externaltools.gnu-tools-for-stm32.12.3.rel1.win32_1.0.100.202403111256/tools/bin/../lib/gcc/arm-none-eabi/12.3.1/thumb/v7e-m/nofp\libgcc.a
LOAD C:/ST/STM32CubeIDE_1.15.0/STM32CubeIDE/plugins/com.st.stm32cube.ide.mcu.externaltools.gnu-tools-for-stm32.12.3.rel1.win32_1.0.100.202403111256/tools/bin/../lib/gcc/arm-none-eabi/12.3.1/../../../../arm-none-eabi/lib/thumb/v7e-m/nofp\libc_nano.a
LOAD C:/ST/STM32CubeIDE_1.15.0/STM32CubeIDE/plugins/com.st.stm32cube.ide.mcu.externaltools.gnu-tools-for-stm32.12.3.rel1.win32_1.0.100.202403111256/tools/bin/../lib/gcc/arm-none-eabi/12.3.1/../../../../arm-none-eabi/lib/thumb/v7e-m/nofp\libnosys.a
END GROUP
LOAD C:/ST/STM32CubeIDE_1.15.0/STM32CubeIDE/plugins/com.st.stm32cube.ide.mcu.externaltools.gnu-tools-for-stm32.12.3.rel1.win32_1.0.100.202403111256/tools/bin/../lib/gcc/arm-none-eabi/12.3.1/thumb/v7e-m/nofp/crtend.o
LOAD C:/ST/STM32CubeIDE_1.15.0/STM32CubeIDE/plugins/com.st.stm32cube.ide.mcu.externaltools.gnu-tools-for-stm32.12.3.rel1.win32_1.0.100.202403111256/tools/bin/../lib/gcc/arm-none-eabi/12.3.1/thumb/v7e-m/nofp/crtn.o
                0x20020000                        _estack = (ORIGIN (RAM) + LENGTH (RAM))
                0x00000200                        _Min_Heap_Size = 0x200
                0x00000400                        _Min_Stack_Size = 0x400

.isr_vector     0x08000000      0x1c4
                0x08000000                        . = ALIGN (0x4)
 *(.isr_vector)
 .isr_vector    0x08000000      0x1c4 ./Startup/startup_stm32f446retx.o
                0x08000000                g_pfnVectors
                0x080001c4                        . = ALIGN (0x4)

.text           0x080001c4      0x5ac
                0x080001c4                        . = ALIGN (0x4)
 *(.text)
 .text          0x080001c4       0x40 C:/ST/STM32CubeIDE_1.15.0/STM32CubeIDE/plugins/com.st.stm32cube.ide.mcu.externaltools.gnu-tools-for-stm32.12.3.rel1.win32_1.0.100.202403111256/tools/bin/../lib/gcc/arm-none-eabi/12.3.1/thumb/v7e-m/nofp/crtbegin.o
 *(.text*)
 .text.__NVIC_EnableIRQ
                0x08000204       0x38 ./Src/button.o
 .text.Button_Init
                0x0800023c       0x74 ./Src/button.o
                0x0800023c                Button_Init
 .text.EXTI15_10_IRQHandler
                0x080002b0       0x34 ./Src/button.o
                0x080002b0                EXTI15_10_IRQHandler
 .text.Game_Init
                0x080002e4       0x14 ./Src/game.o
                0x080002e4                Game_Init
 .text.random_delay
                0x080002f8       0x28 ./Src/game.o
 .text.Game_Run
                0x08000320       0xcc ./Src/game.o
                0x08000320                Game_Run
 .text.LED_Init
                0x080003ec       0x38 ./Src/led.o
                0x080003ec                LED_Init
 .text.LED_On   0x08000424       0x18 ./Src/led.o
                0x08000424                LED_On
 .text.LED_Off  0x0800043c       0x18 ./Src/led.o
                0x0800043c                LED_Off
 .text.main     0x08000454       0x20 ./Src/main.o
                0x08000454                main
 .text.__NVIC_EnableIRQ
                0x08000474       0x38 ./Src/timer.o
 .text.Timer2_Init
                0x080004ac       0x50 ./Src/timer.o
                0x080004ac                Timer2_Init
 .text.TIM2_IRQHandler
                0x080004fc       0x38 ./Src/timer.o
                0x080004fc                TIM2_IRQHandler
 .text.millis   0x08000534       0x14 ./Src/timer.o
                0x08000534                millis
 .text.delay_ms
                0x08000548       0x2a ./Src/timer.o
                0x08000548                delay_ms
 *fill*         0x08000572        0x2 
 .text.UART2_Init
                0x08000574       0x6c ./Src/uart.o
                0x08000574                UART2_Init
 .text.UART2_SendChar
                0x080005e0       0x2c ./Src/uart.o
                0x080005e0                UART2_SendChar
 .text.UART2_SendString
                0x0800060c       0x2a ./Src/uart.o
                0x0800060c                UART2_SendString
 *fill*         0x08000636        0x2 
 .text.UART2_SendNumber
                0x08000638       0x84 ./Src/uart.o
                0x08000638                UART2_SendNumber
 .text.Reset_Handler
                0x080006bc       0x50 ./Startup/startup_stm32f446retx.o
                0x080006bc                Reset_Handler
 .text.Default_Handler
                0x0800070c        0x2 ./Startup/startup_stm32f446retx.o
                0x0800070c                RTC_Alarm_IRQHandler
                0x0800070c                EXTI2_IRQHandler
                0x0800070c                TIM8_CC_IRQHandler
                0x0800070c                SPDIF_Rx_IRQHandler
                0x0800070c                DebugMon_Handler
                0x0800070c                SPI4_IRQHandler
                0x0800070c                TIM1_CC_IRQHandler
                0x0800070c                QuadSPI_IRQHandler
                0x0800070c                DMA2_Stream5_IRQHandler
                0x0800070c                HardFault_Handler
                0x0800070c                DMA1_Stream5_IRQHandler
                0x0800070c                SysTick_Handler
                0x0800070c                PVD_IRQHandler
                0x0800070c                SDIO_IRQHandler
                0x0800070c                TAMP_STAMP_IRQHandler
                0x0800070c                PendSV_Handler
                0x0800070c                NMI_Handler
                0x0800070c                CAN2_RX1_IRQHandler
                0x0800070c                EXTI3_IRQHandler
                0x0800070c                TIM8_TRG_COM_TIM14_IRQHandler
                0x0800070c                TIM1_UP_TIM10_IRQHandler
                0x0800070c                FMPI2C1_error_IRQHandler
                0x0800070c                TIM8_UP_TIM13_IRQHandler
                0x0800070c                I2C3_ER_IRQHandler
                0x0800070c                EXTI0_IRQHandler
                0x0800070c                I2C2_EV_IRQHandler
                0x0800070c                DMA1_Stream2_IRQHandler
                0x0800070c                CAN1_RX0_IRQHandler
                0x0800070c                OTG_HS_WKUP_IRQHandler
                0x0800070c                UsageFault_Handler
                0x0800070c                CAN2_SCE_IRQHandler
                0x0800070c                DMA2_Stream2_IRQHandler
                0x0800070c                SPI1_IRQHandler
                0x0800070c                TIM6_DAC_IRQHandler
                0x0800070c                TIM1_BRK_TIM9_IRQHandler
                0x0800070c                DCMI_IRQHandler
                0x0800070c                CAN2_RX0_IRQHandler
                0x0800070c                DMA2_Stream3_IRQHandler
                0x0800070c                FMPI2C1_IRQHandler
                0x0800070c                SAI2_IRQHandler
                0x0800070c                USART6_IRQHandler
                0x0800070c                USART3_IRQHandler
                0x0800070c                CAN1_RX1_IRQHandler
                0x0800070c                UART5_IRQHandler
                0x0800070c                DMA2_Stream0_IRQHandler
                0x0800070c                TIM4_IRQHandler
                0x0800070c                I2C1_EV_IRQHandler
                0x0800070c                HDMI_CEC_IRQHandler
                0x0800070c                DMA1_Stream6_IRQHandler
                0x0800070c                DMA1_Stream1_IRQHandler
                0x0800070c                UART4_IRQHandler
                0x0800070c                TIM3_IRQHandler
                0x0800070c                RCC_IRQHandler
                0x0800070c                TIM8_BRK_TIM12_IRQHandler
                0x0800070c                Default_Handler
                0x0800070c                ADC_IRQHandler
                0x0800070c                DMA1_Stream7_IRQHandler
                0x0800070c                TIM7_IRQHandler
                0x0800070c                CAN2_TX_IRQHandler
                0x0800070c                TIM5_IRQHandler
                0x0800070c                DMA2_Stream7_IRQHandler
                0x0800070c                I2C3_EV_IRQHandler
                0x0800070c                EXTI9_5_IRQHandler
                0x0800070c                RTC_WKUP_IRQHandler
                0x0800070c                SPI2_IRQHandler
                0x0800070c                OTG_HS_EP1_IN_IRQHandler
                0x0800070c                MemManage_Handler
                0x0800070c                DMA1_Stream0_IRQHandler
                0x0800070c                CAN1_TX_IRQHandler
                0x0800070c                SVC_Handler
                0x0800070c                EXTI4_IRQHandler
                0x0800070c                OTG_HS_EP1_OUT_IRQHandler
                0x0800070c                WWDG_IRQHandler
                0x0800070c                OTG_FS_WKUP_IRQHandler
                0x0800070c                TIM1_TRG_COM_TIM11_IRQHandler
                0x0800070c                OTG_HS_IRQHandler
                0x0800070c                EXTI1_IRQHandler
                0x0800070c                USART2_IRQHandler
                0x0800070c                I2C2_ER_IRQHandler
                0x0800070c                DMA2_Stream1_IRQHandler
                0x0800070c                CAN1_SCE_IRQHandler
                0x0800070c                FLASH_IRQHandler
                0x0800070c                DMA2_Stream4_IRQHandler
                0x0800070c                BusFault_Handler
                0x0800070c                USART1_IRQHandler
                0x0800070c                OTG_FS_IRQHandler
                0x0800070c                SPI3_IRQHandler
                0x0800070c                DMA1_Stream4_IRQHandler
                0x0800070c                I2C1_ER_IRQHandler
                0x0800070c                FMC_IRQHandler
                0x0800070c                DMA2_Stream6_IRQHandler
                0x0800070c                SAI1_IRQHandler
                0x0800070c                DMA1_Stream3_IRQHandler
 *fill*         0x0800070e        0x2 
 .text.__libc_init_array
                0x08000710       0x48 C:/ST/STM32CubeIDE_1.15.0/STM32CubeIDE/plugins/com.st.stm32cube.ide.mcu.externaltools.gnu-tools-for-stm32.12.3.rel1.win32_1.0.100.202403111256/tools/bin/../lib/gcc/arm-none-eabi/12.3.1/../../../../arm-none-eabi/lib/thumb/v7e-m/nofp\libc_nano.a(libc_a-init.o)
                0x08000710                __libc_init_array
 *(.glue_7)
 .glue_7        0x08000758        0x0 linker stubs
 *(.glue_7t)
 .glue_7t       0x08000758        0x0 linker stubs
 *(.eh_frame)
 .eh_frame      0x08000758        0x0 C:/ST/STM32CubeIDE_1.15.0/STM32CubeIDE/plugins/com.st.stm32cube.ide.mcu.externaltools.gnu-tools-for-stm32.12.3.rel1.win32_1.0.100.202403111256/tools/bin/../lib/gcc/arm-none-eabi/12.3.1/thumb/v7e-m/nofp/crtbegin.o
 *(.init)
 .init          0x08000758        0x4 C:/ST/STM32CubeIDE_1.15.0/STM32CubeIDE/plugins/com.st.stm32cube.ide.mcu.externaltools.gnu-tools-for-stm32.12.3.rel1.win32_1.0.100.202403111256/tools/bin/../lib/gcc/arm-none-eabi/12.3.1/thumb/v7e-m/nofp/crti.o
                0x08000758                _init
 .init          0x0800075c        0x8 C:/ST/STM32CubeIDE_1.15.0/STM32CubeIDE/plugins/com.st.stm32cube.ide.mcu.externaltools.gnu-tools-for-stm32.12.3.rel1.win32_1.0.100.202403111256/tools/bin/../lib/gcc/arm-none-eabi/12.3.1/thumb/v7e-m/nofp/crtn.o
 *(.fini)
 .fini          0x08000764        0x4 C:/ST/STM32CubeIDE_1.15.0/STM32CubeIDE/plugins/com.st.stm32cube.ide.mcu.externaltools.gnu-tools-for-stm32.12.3.rel1.win32_1.0.100.202403111256/tools/bin/../lib/gcc/arm-none-eabi/12.3.1/thumb/v7e-m/nofp/crti.o
                0x08000764                _fini
 .fini          0x08000768        0x8 C:/ST/STM32CubeIDE_1.15.0/STM32CubeIDE/plugins/com.st.stm32cube.ide.mcu.externaltools.gnu-tools-for-stm32.12.3.rel1.win32_1.0.100.202403111256/tools/bin/../lib/gcc/arm-none-eabi/12.3.1/thumb/v7e-m/nofp/crtn.o
                0x08000770                        . = ALIGN (0x4)
                0x08000770                        _etext = .

.vfp11_veneer   0x08000770        0x0
 .vfp11_veneer  0x08000770        0x0 linker stubs

.v4_bx          0x08000770        0x0
 .v4_bx         0x08000770        0x0 linker stubs

.iplt           0x08000770        0x0
 .iplt          0x08000770        0x0 C:/ST/STM32CubeIDE_1.15.0/STM32CubeIDE/plugins/com.st.stm32cube.ide.mcu.externaltools.gnu-tools-for-stm32.12.3.rel1.win32_1.0.100.202403111256/tools/bin/../lib/gcc/arm-none-eabi/12.3.1/thumb/v7e-m/nofp/crtbegin.o

.rodata         0x08000770       0x94
                0x08000770                        . = ALIGN (0x4)
 *(.rodata)
 .rodata        0x08000770       0x94 ./Src/game.o
 *(.rodata*)
                0x08000804                        . = ALIGN (0x4)

.ARM.extab      0x08000804        0x0
                0x08000804                        . = ALIGN (0x4)
 *(.ARM.extab* .gnu.linkonce.armextab.*)
                0x08000804                        . = ALIGN (0x4)

.ARM            0x08000804        0x0
                0x08000804                        . = ALIGN (0x4)
                0x08000804                        __exidx_start = .
 *(.ARM.exidx*)
                0x08000804                        __exidx_end = .
                0x08000804                        . = ALIGN (0x4)

.preinit_array  0x08000804        0x0
                0x08000804                        . = ALIGN (0x4)
                0x08000804                        PROVIDE (__preinit_array_start = .)
 *(.preinit_array*)
                0x08000804                        PROVIDE (__preinit_array_end = .)
                0x08000804                        . = ALIGN (0x4)

.init_array     0x08000804        0x4
                0x08000804                        . = ALIGN (0x4)
                0x08000804                        PROVIDE (__init_array_start = .)
 *(SORT_BY_NAME(.init_array.*))
 *(.init_array*)
 .init_array    0x08000804        0x4 C:/ST/STM32CubeIDE_1.15.0/STM32CubeIDE/plugins/com.st.stm32cube.ide.mcu.externaltools.gnu-tools-for-stm32.12.3.rel1.win32_1.0.100.202403111256/tools/bin/../lib/gcc/arm-none-eabi/12.3.1/thumb/v7e-m/nofp/crtbegin.o
                0x08000808                        PROVIDE (__init_array_end = .)
                0x08000808                        . = ALIGN (0x4)

.fini_array     0x08000808        0x4
                0x08000808                        . = ALIGN (0x4)
                [!provide]                        PROVIDE (__fini_array_start = .)
 *(SORT_BY_NAME(.fini_array.*))
 *(.fini_array*)
 .fini_array    0x08000808        0x4 C:/ST/STM32CubeIDE_1.15.0/STM32CubeIDE/plugins/com.st.stm32cube.ide.mcu.externaltools.gnu-tools-for-stm32.12.3.rel1.win32_1.0.100.202403111256/tools/bin/../lib/gcc/arm-none-eabi/12.3.1/thumb/v7e-m/nofp/crtbegin.o
                [!provide]                        PROVIDE (__fini_array_end = .)
                0x0800080c                        . = ALIGN (0x4)
                0x0800080c                        _sidata = LOADADDR (.data)

.rel.dyn        0x0800080c        0x0
 .rel.iplt      0x0800080c        0x0 C:/ST/STM32CubeIDE_1.15.0/STM32CubeIDE/plugins/com.st.stm32cube.ide.mcu.externaltools.gnu-tools-for-stm32.12.3.rel1.win32_1.0.100.202403111256/tools/bin/../lib/gcc/arm-none-eabi/12.3.1/thumb/v7e-m/nofp/crtbegin.o

.data           0x20000000        0x0 load address 0x0800080c
                0x20000000                        . = ALIGN (0x4)
                0x20000000                        _sdata = .
 *(.data)
 *(.data*)
 *(.RamFunc)
 *(.RamFunc*)
                0x20000000                        . = ALIGN (0x4)
                0x20000000                        _edata = .

.igot.plt       0x20000000        0x0 load address 0x0800080c
 .igot.plt      0x20000000        0x0 C:/ST/STM32CubeIDE_1.15.0/STM32CubeIDE/plugins/com.st.stm32cube.ide.mcu.externaltools.gnu-tools-for-stm32.12.3.rel1.win32_1.0.100.202403111256/tools/bin/../lib/gcc/arm-none-eabi/12.3.1/thumb/v7e-m/nofp/crtbegin.o
                0x20000000                        . = ALIGN (0x4)

.bss            0x20000000       0x24 load address 0x0800080c
                0x20000000                        _sbss = .
                0x20000000                        __bss_start__ = _sbss
 *(.bss)
 .bss           0x20000000       0x1c C:/ST/STM32CubeIDE_1.15.0/STM32CubeIDE/plugins/com.st.stm32cube.ide.mcu.externaltools.gnu-tools-for-stm32.12.3.rel1.win32_1.0.100.202403111256/tools/bin/../lib/gcc/arm-none-eabi/12.3.1/thumb/v7e-m/nofp/crtbegin.o
 *(.bss*)
 .bss.button_pressed
                0x2000001c        0x1 ./Src/button.o
                0x2000001c                button_pressed
 *fill*         0x2000001d        0x3 
 .bss.tick      0x20000020        0x4 ./Src/timer.o
                0x20000020                tick
 *(COMMON)
                0x20000024                        . = ALIGN (0x4)
                0x20000024                        _ebss = .
                0x20000024                        __bss_end__ = _ebss

._user_heap_stack
                0x20000024      0x604 load address 0x0800080c
                0x20000028                        . = ALIGN (0x8)
 *fill*         0x20000024        0x4 
                [!provide]                        PROVIDE (end = .)
                0x20000028                        PROVIDE (_end = .)
                0x20000228                        . = (. + _Min_Heap_Size)
 *fill*         0x20000028      0x200 
                0x20000628                        . = (. + _Min_Stack_Size)
 *fill*         0x20000228      0x400 
                0x20000628                        . = ALIGN (0x8)

/DISCARD/
 libc.a(*)
 libm.a(*)
 libgcc.a(*)

.ARM.attributes
                0x00000000       0x2a
 *(.ARM.attributes)
 .ARM.attributes
                0x00000000       0x1e C:/ST/STM32CubeIDE_1.15.0/STM32CubeIDE/plugins/com.st.stm32cube.ide.mcu.externaltools.gnu-tools-for-stm32.12.3.rel1.win32_1.0.100.202403111256/tools/bin/../lib/gcc/arm-none-eabi/12.3.1/thumb/v7e-m/nofp/crti.o
 .ARM.attributes
                0x0000001e       0x2e C:/ST/STM32CubeIDE_1.15.0/STM32CubeIDE/plugins/com.st.stm32cube.ide.mcu.externaltools.gnu-tools-for-stm32.12.3.rel1.win32_1.0.100.202403111256/tools/bin/../lib/gcc/arm-none-eabi/12.3.1/thumb/v7e-m/nofp/crtbegin.o
 .ARM.attributes
                0x0000004c       0x2e ./Src/button.o
 .ARM.attributes
                0x0000007a       0x2e ./Src/game.o
 .ARM.attributes
                0x000000a8       0x2e ./Src/led.o
 .ARM.attributes
                0x000000d6       0x2e ./Src/main.o
 .ARM.attributes
                0x00000104       0x2e ./Src/timer.o
 .ARM.attributes
                0x00000132       0x2e ./Src/uart.o
 .ARM.attributes
                0x00000160       0x21 ./Startup/startup_stm32f446retx.o
 .ARM.attributes
                0x00000181       0x2e C:/ST/STM32CubeIDE_1.15.0/STM32CubeIDE/plugins/com.st.stm32cube.ide.mcu.externaltools.gnu-tools-for-stm32.12.3.rel1.win32_1.0.100.202403111256/tools/bin/../lib/gcc/arm-none-eabi/12.3.1/../../../../arm-none-eabi/lib/thumb/v7e-m/nofp\libc_nano.a(libc_a-init.o)
 .ARM.attributes
                0x000001af       0x1e C:/ST/STM32CubeIDE_1.15.0/STM32CubeIDE/plugins/com.st.stm32cube.ide.mcu.externaltools.gnu-tools-for-stm32.12.3.rel1.win32_1.0.100.202403111256/tools/bin/../lib/gcc/arm-none-eabi/12.3.1/thumb/v7e-m/nofp/crtn.o
OUTPUT(React_Reflex.elf elf32-littlearm)
LOAD linker stubs
LOAD C:/ST/STM32CubeIDE_1.15.0/STM32CubeIDE/plugins/com.st.stm32cube.ide.mcu.externaltools.gnu-tools-for-stm32.12.3.rel1.win32_1.0.100.202403111256/tools/bin/../lib/gcc/arm-none-eabi/12.3.1/../../../../arm-none-eabi/lib/thumb/v7e-m/nofp\libc.a
LOAD C:/ST/STM32CubeIDE_1.15.0/STM32CubeIDE/plugins/com.st.stm32cube.ide.mcu.externaltools.gnu-tools-for-stm32.12.3.rel1.win32_1.0.100.202403111256/tools/bin/../lib/gcc/arm-none-eabi/12.3.1/../../../../arm-none-eabi/lib/thumb/v7e-m/nofp\libm.a
LOAD C:/ST/STM32CubeIDE_1.15.0/STM32CubeIDE/plugins/com.st.stm32cube.ide.mcu.externaltools.gnu-tools-for-stm32.12.3.rel1.win32_1.0.100.202403111256/tools/bin/../lib/gcc/arm-none-eabi/12.3.1/thumb/v7e-m/nofp\libgcc.a

.debug_info     0x00000000     0x1a07
 .debug_info    0x00000000      0x830 ./Src/button.o
 .debug_info    0x00000830      0x1eb ./Src/game.o
 .debug_info    0x00000a1b      0x31c ./Src/led.o
 .debug_info    0x00000d37       0xb1 ./Src/main.o
 .debug_info    0x00000de8      0x7f9 ./Src/timer.o
 .debug_info    0x000015e1      0x3f6 ./Src/uart.o
 .debug_info    0x000019d7       0x30 ./Startup/startup_stm32f446retx.o

.debug_abbrev   0x00000000      0x6ef
 .debug_abbrev  0x00000000      0x181 ./Src/button.o
 .debug_abbrev  0x00000181      0x15f ./Src/game.o
 .debug_abbrev  0x000002e0       0xb8 ./Src/led.o
 .debug_abbrev  0x00000398       0x5b ./Src/main.o
 .debug_abbrev  0x000003f3      0x1be ./Src/timer.o
 .debug_abbrev  0x000005b1      0x11a ./Src/uart.o
 .debug_abbrev  0x000006cb       0x24 ./Startup/startup_stm32f446retx.o

.debug_aranges  0x00000000      0x160
 .debug_aranges
                0x00000000       0x38 ./Src/button.o
 .debug_aranges
                0x00000038       0x30 ./Src/game.o
 .debug_aranges
                0x00000068       0x38 ./Src/led.o
 .debug_aranges
                0x000000a0       0x20 ./Src/main.o
 .debug_aranges
                0x000000c0       0x40 ./Src/timer.o
 .debug_aranges
                0x00000100       0x38 ./Src/uart.o
 .debug_aranges
                0x00000138       0x28 ./Startup/startup_stm32f446retx.o

.debug_rnglists
                0x00000000       0xe7
 .debug_rnglists
                0x00000000       0x25 ./Src/button.o
 .debug_rnglists
                0x00000025       0x20 ./Src/game.o
 .debug_rnglists
                0x00000045       0x25 ./Src/led.o
 .debug_rnglists
                0x0000006a       0x13 ./Src/main.o
 .debug_rnglists
                0x0000007d       0x2b ./Src/timer.o
 .debug_rnglists
                0x000000a8       0x26 ./Src/uart.o
 .debug_rnglists
                0x000000ce       0x19 ./Startup/startup_stm32f446retx.o

.debug_macro    0x00000000    0x18eeb
 .debug_macro   0x00000000       0xd8 ./Src/button.o
 .debug_macro   0x000000d8      0xaba ./Src/button.o
 .debug_macro   0x00000b92       0x28 ./Src/button.o
 .debug_macro   0x00000bba       0x28 ./Src/button.o
 .debug_macro   0x00000be2       0x22 ./Src/button.o
 .debug_macro   0x00000c04       0x8e ./Src/button.o
 .debug_macro   0x00000c92       0x51 ./Src/button.o
 .debug_macro   0x00000ce3      0x103 ./Src/button.o
 .debug_macro   0x00000de6       0x6a ./Src/button.o
 .debug_macro   0x00000e50      0x1df ./Src/button.o
 .debug_macro   0x0000102f       0x1c ./Src/button.o
 .debug_macro   0x0000104b       0x22 ./Src/button.o
 .debug_macro   0x0000106d       0xfb ./Src/button.o
 .debug_macro   0x00001168     0x1011 ./Src/button.o
 .debug_macro   0x00002179      0x11f ./Src/button.o
 .debug_macro   0x00002298    0x1675e ./Src/button.o
 .debug_macro   0x000189f6       0x6d ./Src/button.o
 .debug_macro   0x00018a63      0x100 ./Src/game.o
 .debug_macro   0x00018b63       0xd8 ./Src/led.o
 .debug_macro   0x00018c3b      0x100 ./Src/main.o
 .debug_macro   0x00018d3b       0xd8 ./Src/timer.o
 .debug_macro   0x00018e13       0xd8 ./Src/uart.o

.debug_line     0x00000000     0x2414
 .debug_line    0x00000000      0x60a ./Src/button.o
 .debug_line    0x0000060a      0x602 ./Src/game.o
 .debug_line    0x00000c0c      0x5bc ./Src/led.o
 .debug_line    0x000011c8      0x594 ./Src/main.o
 .debug_line    0x0000175c      0x61f ./Src/timer.o
 .debug_line    0x00001d7b      0x61e ./Src/uart.o
 .debug_line    0x00002399       0x7b ./Startup/startup_stm32f446retx.o

.debug_str      0x00000000    0x8b83d
 .debug_str     0x00000000    0x8b67e ./Src/button.o
                              0x8b844 (size before relaxing)
 .debug_str     0x0008b67e       0xaf ./Src/game.o
                              0x8b197 (size before relaxing)
 .debug_str     0x0008b72d       0x21 ./Src/led.o
                              0x8b241 (size before relaxing)
 .debug_str     0x0008b74e       0x2a ./Src/main.o
                              0x8b123 (size before relaxing)
 .debug_str     0x0008b778       0x69 ./Src/timer.o
                              0x8b807 (size before relaxing)
 .debug_str     0x0008b7e1       0x1d ./Src/uart.o
                              0x8b26f (size before relaxing)
 .debug_str     0x0008b7fe       0x3f ./Startup/startup_stm32f446retx.o
                                 0x5e (size before relaxing)

.comment        0x00000000       0x43
 .comment       0x00000000       0x43 ./Src/button.o
                                 0x44 (size before relaxing)
 .comment       0x00000043       0x44 ./Src/game.o
 .comment       0x00000043       0x44 ./Src/led.o
 .comment       0x00000043       0x44 ./Src/main.o
 .comment       0x00000043       0x44 ./Src/timer.o
 .comment       0x00000043       0x44 ./Src/uart.o

.debug_frame    0x00000000      0x33c
 .debug_frame   0x00000000       0x94 ./Src/button.o
 .debug_frame   0x00000094       0x68 ./Src/game.o
 .debug_frame   0x000000fc       0x90 ./Src/led.o
 .debug_frame   0x0000018c       0x2c ./Src/main.o
 .debug_frame   0x000001b8       0xb8 ./Src/timer.o
 .debug_frame   0x00000270       0xa0 ./Src/uart.o
 .debug_frame   0x00000310       0x2c C:/ST/STM32CubeIDE_1.15.0/STM32CubeIDE/plugins/com.st.stm32cube.ide.mcu.externaltools.gnu-tools-for-stm32.12.3.rel1.win32_1.0.100.202403111256/tools/bin/../lib/gcc/arm-none-eabi/12.3.1/../../../../arm-none-eabi/lib/thumb/v7e-m/nofp\libc_nano.a(libc_a-init.o)

.debug_line_str
                0x00000000       0x42
 .debug_line_str
                0x00000000       0x42 ./Startup/startup_stm32f446retx.o
